// Jest Snapshot v1, https://goo.gl/fbAQLP

exports[`Component: ReviewStar (snapshot) should render correctly 1`] = `
<div>
  <input
    checked=""
    class="form__rating-input visually-hidden"
    data-testid="review-star-3-stars"
    id="3-stars"
    name="rating"
    type="radio"
    value="3"
  />
  <label
    class="reviews__rating-label form__rating-label"
    for="3-stars"
    title="perfect"
  >
    <svg
      class="form__star-image"
      height="33"
      width="37"
    >
      <use
        xlink:href="#icon-star"
      />
    </svg>
  </label>
</div>
`;
